Archive member included because of file (symbol)

C:\PROGRA~2\KPIT\GNURL7~1.02~\rl78-elf/rl78-elf/lib/g13\liboptc.a(sprintf.o)
                              ./src/user_functions.o (sprintf)
C:\PROGRA~2\KPIT\GNURL7~1.02~\rl78-elf/rl78-elf/lib/g13\liboptc.a(strcat.o)
                              ./src/user_functions.o (strcat)
C:\PROGRA~2\KPIT\GNURL7~1.02~\rl78-elf/rl78-elf/lib/g13\liboptc.a(strcpy.o)
                              ./src/user_functions.o (strcpy)
C:\PROGRA~2\KPIT\GNURL7~1.02~\rl78-elf/rl78-elf/lib/g13\liboptc.a(strlen.o)
                              ./src/user_functions.o (strlen)
C:\PROGRA~2\KPIT\GNURL7~1.02~\rl78-elf/rl78-elf/lib/g13\liboptc.a(frmwri.o)
                              C:\PROGRA~2\KPIT\GNURL7~1.02~\rl78-elf/rl78-elf/lib/g13\liboptc.a(sprintf.o) (_formatted_write)
C:\PROGRA~2\KPIT\GNURL7~1.02~\rl78-elf/lib/gcc/rl78-elf/4.9-GNURL78_v15.02/g13\libgcc.a(_sf_to_df.o)
                              C:\PROGRA~2\KPIT\GNURL7~1.02~\rl78-elf/rl78-elf/lib/g13\liboptc.a(frmwri.o) (__extendsfdf2)
C:\PROGRA~2\KPIT\GNURL7~1.02~\rl78-elf/lib/gcc/rl78-elf/4.9-GNURL78_v15.02/g13\libgcc.a(_addsub_df.o)
                              C:\PROGRA~2\KPIT\GNURL7~1.02~\rl78-elf/rl78-elf/lib/g13\liboptc.a(frmwri.o) (__subdf3)
C:\PROGRA~2\KPIT\GNURL7~1.02~\rl78-elf/lib/gcc/rl78-elf/4.9-GNURL78_v15.02/g13\libgcc.a(_mul_df.o)
                              C:\PROGRA~2\KPIT\GNURL7~1.02~\rl78-elf/rl78-elf/lib/g13\liboptc.a(frmwri.o) (__muldf3)
C:\PROGRA~2\KPIT\GNURL7~1.02~\rl78-elf/lib/gcc/rl78-elf/4.9-GNURL78_v15.02/g13\libgcc.a(_div_df.o)
                              C:\PROGRA~2\KPIT\GNURL7~1.02~\rl78-elf/rl78-elf/lib/g13\liboptc.a(frmwri.o) (__divdf3)
C:\PROGRA~2\KPIT\GNURL7~1.02~\rl78-elf/lib/gcc/rl78-elf/4.9-GNURL78_v15.02/g13\libgcc.a(_ne_df.o)
                              C:\PROGRA~2\KPIT\GNURL7~1.02~\rl78-elf/rl78-elf/lib/g13\liboptc.a(frmwri.o) (__nedf2)
C:\PROGRA~2\KPIT\GNURL7~1.02~\rl78-elf/lib/gcc/rl78-elf/4.9-GNURL78_v15.02/g13\libgcc.a(_ge_df.o)
                              C:\PROGRA~2\KPIT\GNURL7~1.02~\rl78-elf/rl78-elf/lib/g13\liboptc.a(frmwri.o) (__gedf2)
C:\PROGRA~2\KPIT\GNURL7~1.02~\rl78-elf/lib/gcc/rl78-elf/4.9-GNURL78_v15.02/g13\libgcc.a(_lt_df.o)
                              C:\PROGRA~2\KPIT\GNURL7~1.02~\rl78-elf/rl78-elf/lib/g13\liboptc.a(frmwri.o) (__ltdf2)
C:\PROGRA~2\KPIT\GNURL7~1.02~\rl78-elf/lib/gcc/rl78-elf/4.9-GNURL78_v15.02/g13\libgcc.a(_le_df.o)
                              C:\PROGRA~2\KPIT\GNURL7~1.02~\rl78-elf/rl78-elf/lib/g13\liboptc.a(frmwri.o) (__ledf2)
C:\PROGRA~2\KPIT\GNURL7~1.02~\rl78-elf/lib/gcc/rl78-elf/4.9-GNURL78_v15.02/g13\libgcc.a(_si_to_df.o)
                              C:\PROGRA~2\KPIT\GNURL7~1.02~\rl78-elf/rl78-elf/lib/g13\liboptc.a(frmwri.o) (__floatsidf)
C:\PROGRA~2\KPIT\GNURL7~1.02~\rl78-elf/lib/gcc/rl78-elf/4.9-GNURL78_v15.02/g13\libgcc.a(_df_to_si.o)
                              C:\PROGRA~2\KPIT\GNURL7~1.02~\rl78-elf/rl78-elf/lib/g13\liboptc.a(frmwri.o) (__fixdfsi)
C:\PROGRA~2\KPIT\GNURL7~1.02~\rl78-elf/lib/gcc/rl78-elf/4.9-GNURL78_v15.02/g13\libgcc.a(_make_df.o)
                              C:\PROGRA~2\KPIT\GNURL7~1.02~\rl78-elf/lib/gcc/rl78-elf/4.9-GNURL78_v15.02/g13\libgcc.a(_sf_to_df.o) (__make_dp)
C:\PROGRA~2\KPIT\GNURL7~1.02~\rl78-elf/lib/gcc/rl78-elf/4.9-GNURL78_v15.02/g13\libgcc.a(_thenan_df.o)
                              C:\PROGRA~2\KPIT\GNURL7~1.02~\rl78-elf/lib/gcc/rl78-elf/4.9-GNURL78_v15.02/g13\libgcc.a(_addsub_df.o) (__thenan_df)
C:\PROGRA~2\KPIT\GNURL7~1.02~\rl78-elf/lib/gcc/rl78-elf/4.9-GNURL78_v15.02/g13\libgcc.a(divmodhi.o)
                              C:\PROGRA~2\KPIT\GNURL7~1.02~\rl78-elf/rl78-elf/lib/g13\liboptc.a(frmwri.o) (__divhi3)
C:\PROGRA~2\KPIT\GNURL7~1.02~\rl78-elf/lib/gcc/rl78-elf/4.9-GNURL78_v15.02/g13\libgcc.a(bit-count.o)
                              C:\PROGRA~2\KPIT\GNURL7~1.02~\rl78-elf/lib/gcc/rl78-elf/4.9-GNURL78_v15.02/g13\libgcc.a(_si_to_df.o) (__clzsi2)
C:\PROGRA~2\KPIT\GNURL7~1.02~\rl78-elf/lib/gcc/rl78-elf/4.9-GNURL78_v15.02/g13\libgcc.a(_muldi3.o)
                              C:\PROGRA~2\KPIT\GNURL7~1.02~\rl78-elf/lib/gcc/rl78-elf/4.9-GNURL78_v15.02/g13\libgcc.a(_mul_df.o) (__muldi3)
C:\PROGRA~2\KPIT\GNURL7~1.02~\rl78-elf/lib/gcc/rl78-elf/4.9-GNURL78_v15.02/g13\libgcc.a(_lshrdi3.o)
                              C:\PROGRA~2\KPIT\GNURL7~1.02~\rl78-elf/lib/gcc/rl78-elf/4.9-GNURL78_v15.02/g13\libgcc.a(_addsub_df.o) (__lshrdi3)
C:\PROGRA~2\KPIT\GNURL7~1.02~\rl78-elf/lib/gcc/rl78-elf/4.9-GNURL78_v15.02/g13\libgcc.a(_ashldi3.o)
                              C:\PROGRA~2\KPIT\GNURL7~1.02~\rl78-elf/lib/gcc/rl78-elf/4.9-GNURL78_v15.02/g13\libgcc.a(_sf_to_df.o) (__ashldi3)
C:\PROGRA~2\KPIT\GNURL7~1.02~\rl78-elf/lib/gcc/rl78-elf/4.9-GNURL78_v15.02/g13\libgcc.a(_unpack_sf.o)
                              C:\PROGRA~2\KPIT\GNURL7~1.02~\rl78-elf/lib/gcc/rl78-elf/4.9-GNURL78_v15.02/g13\libgcc.a(_sf_to_df.o) (__unpack_f)
C:\PROGRA~2\KPIT\GNURL7~1.02~\rl78-elf/lib/gcc/rl78-elf/4.9-GNURL78_v15.02/g13\libgcc.a(_pack_df.o)
                              C:\PROGRA~2\KPIT\GNURL7~1.02~\rl78-elf/lib/gcc/rl78-elf/4.9-GNURL78_v15.02/g13\libgcc.a(_addsub_df.o) (__pack_d)
C:\PROGRA~2\KPIT\GNURL7~1.02~\rl78-elf/lib/gcc/rl78-elf/4.9-GNURL78_v15.02/g13\libgcc.a(_unpack_df.o)
                              C:\PROGRA~2\KPIT\GNURL7~1.02~\rl78-elf/lib/gcc/rl78-elf/4.9-GNURL78_v15.02/g13\libgcc.a(_addsub_df.o) (__unpack_d)
C:\PROGRA~2\KPIT\GNURL7~1.02~\rl78-elf/lib/gcc/rl78-elf/4.9-GNURL78_v15.02/g13\libgcc.a(_fpcmp_parts_df.o)
                              C:\PROGRA~2\KPIT\GNURL7~1.02~\rl78-elf/lib/gcc/rl78-elf/4.9-GNURL78_v15.02/g13\libgcc.a(_ne_df.o) (__fpcmp_parts_d)

Allocating common symbols
Common symbol       size              file

g_uart1_rx_length   0x2               ./src/r_cg_serial.o
g_uart1_rx_count    0x2               ./src/r_cg_serial.o
uart1RxOvrFlag      0x1               ./src/r_main.o
uart1RxFlag         0x1               ./src/r_main.o
uart1RxBuf          0x32              ./src/r_main.o
current1            0x1               ./src/user_functions.o
interval_timer_count
                    0x2               ./src/debounce.o
gp_uart1_rx_address
                    0x2               ./src/r_cg_serial.o
uart1RxCnt          0x2               ./src/r_main.o
voltage             0x1               ./src/user_functions.o
record              0x32              ./src/debounce.o
current2            0x1               ./src/user_functions.o
gp_uart1_tx_address
                    0x2               ./src/r_cg_serial.o
uart1RxErrFlag      0x1               ./src/r_main.o
uart1TxFlag         0x1               ./src/r_main.o
uart1Status         0x2               ./src/r_main.o
g_uart1_tx_count    0x2               ./src/r_cg_serial.o
uart1TxBuf          0x32              ./src/r_main.o
count               0x2               ./src/debounce.o
timerFlag           0x2               ./src/debounce.o
uart1TxCnt          0x2               ./src/r_main.o
mem                 0x32              ./src/debounce.o

Memory Configuration

Name             Origin             Length             Attributes
VEC              0x00000000         0x00000004
IVEC             0x00000004         0x000000bc
OPT              0x000000c0         0x00000004
SEC_ID           0x000000c4         0x0000000a
OCDSTAD          0x000000ce         0x0000000a
OCDROM           0x0000fe00         0x00000200
ROM              0x000000d8         0x0000fd28
MIRROR           0x000f2000         0x0000ceff
RAM              0x000fef00         0x00000fff
*default*        0x00000000         0xffffffff

Linker script and memory map


.vec            0x00000000        0x4
 *(.vec)
 .vec           0x00000000        0x4 ./src/r_cg_vector_table.o
                0x00000000                HardwareVectors

.vects          0x00000004       0x7c
 *(.vects)
 .vects         0x00000004       0x7c ./src/r_cg_vector_table.o
                0x00000004                Vectors

.option_bytes   0x000000c0        0x4
 *(.option_bytes)
 .option_bytes  0x000000c0        0x4 ./src/r_cg_vector_table.o
                0x000000c0                Option_Bytes

.security_id    0x000000c4        0xa
 *(.security_id)
 .security_id   0x000000c4        0xa ./src/r_cg_vector_table.o
                0x000000c4                Security_Id

.lowtext        0x000000d8        0x0
 *(.plt)
 .plt           0x000000d8        0x0 ./src/debounce.o
 *(.lowtext)
                0x000000d8                . = ALIGN (0x2)

.tors           0x000000d8        0x0
                0x000000d8                __CTOR_LIST__ = .
                0x000000d8                . = ALIGN (0x2)
                0x000000d8                ___ctors = .
 *(.ctors)
                0x000000d8                ___ctors_end = .
                0x000000d8                __CTOR_END__ = .
                0x000000d8                __DTOR_LIST__ = .
                0x000000d8                ___dtors = .
 *(.dtors)
                0x000000d8                ___dtors_end = .
                0x000000d8                __DTOR_END__ = .
                0x000000d8                _mdata = .

.text           0x000000d8     0xa352
 *(.text)
 .text          0x000000d8      0x26d ./src/debounce.o
                0x000000d8                bounce_correction
                0x00000226                getPin
 .text          0x00000345      0x27e ./src/lcd.o
                0x00000345                writeByteLcd
                0x00000376                writeNibbleLcd
                0x0000047c                initLcd
                0x00000556                startTMR0
                0x00000591                delayNoInt
 .text          0x000005c3      0x202 ./src/r_cg_adc.o
                0x000005c3                R_ADC_Create
                0x000006de                R_ADC_Start
                0x0000072a                R_ADC_Stop
                0x00000776                R_ADC_Set_OperationOn
                0x00000790                R_ADC_Set_OperationOff
                0x000007aa                R_ADC_Get_Result_8bit
 .text          0x000007c5        0xc ./src/r_cg_adc_user.o
                0x000007c5                r_adc_interrupt
 .text          0x000007d1       0xbe ./src/r_cg_cgc.o
                0x000007d1                R_CGC_Create
 .text          0x0000088f       0x14 ./src/r_cg_cgc_user.o
                0x0000088f                R_CGC_Get_ResetSource
 .text          0x000008a3      0x152 ./src/r_cg_it.o
                0x000008a3                R_IT_Create
                0x0000093f                R_IT_Start
                0x0000099a                R_IT_Stop
 .text          0x000009f5       0x45 ./src/r_cg_it_user.o
                0x000009f5                r_it_interrupt
 .text          0x00000a3a       0x75 ./src/r_cg_port.o
                0x00000a3a                R_PORT_Create
 .text          0x00000aaf        0x0 ./src/r_cg_port_user.o
 .text          0x00000aaf      0x439 ./src/r_cg_rtc.o
                0x00000aaf                R_RTC_Create
                0x00000bbb                R_RTC_Start
                0x00000bd5                R_RTC_Stop
                0x00000bef                R_RTC_Get_CounterValue
                0x00000d7e                R_RTC_Set_CounterValue
 .text          0x00000ee8        0x0 ./src/r_cg_rtc_user.o
 .text          0x00000ee8      0x566 ./src/r_cg_serial.o
                0x00000ee8                R_SAU0_Create
                0x00000f1a                R_UART1_Create
                0x000011ed                R_UART1_Start
                0x000012d0                R_UART1_Stop
                0x00001389                R_UART1_Receive
                0x000013bb                R_UART1_Send
 .text          0x0000144e      0x143 ./src/r_cg_serial_user.o
                0x0000144e                r_uart1_interrupt_receive
                0x00001522                r_uart1_interrupt_send
 .text          0x00001591      0x54c ./src/r_cg_timer.o
                0x00001591                R_TAU0_Create
                0x00001971                R_TAU0_Channel0_Start
                0x000019cc                R_TAU0_Channel0_Stop
                0x00001a27                R_TAU0_Channel1_Start
                0x00001a82                R_TAU0_Channel1_Stop
 .text          0x00001add       0x3e ./src/r_cg_timer_user.o
                0x00001add                r_tau0_channel0_interrupt
                0x00001b0f                r_tau0_channel1_interrupt
 .text          0x00001b1b        0xc ./src/r_cg_vector_table.o
                0x00001b1b                R_Dummy
 .text          0x00001b27       0x4e ./src/r_hardware_setup.o
                0x00001b27                R_Systeminit
                0x00001b64                HardwareSetup
 .text          0x00001b75      0x13d ./src/r_main.o
                0x00001b75                main
                0x00001cae                R_MAIN_UserInit
 .text          0x00001cb2       0x60 ./src/r_reset_program.o
                0x00001cb4                PowerON_Reset
 .text          0x00001d12      0xb4e ./src/user_functions.o
                0x00001d12                populate
                0x00001dfc                processMSG
                0x000023dc                errorTest
                0x00002444                displayLCD
                0x0000254a                collectADC
                0x0000260e                setRTC
                0x000027ae                testDate
 .text          0x00002860       0x45 C:\PROGRA~2\KPIT\GNURL7~1.02~\rl78-elf/rl78-elf/lib/g13\liboptc.a(sprintf.o)
                0x00002878                sprintf
 .text          0x000028a5       0x4e C:\PROGRA~2\KPIT\GNURL7~1.02~\rl78-elf/rl78-elf/lib/g13\liboptc.a(strcat.o)
                0x000028a5                strcat
 .text          0x000028f3       0x27 C:\PROGRA~2\KPIT\GNURL7~1.02~\rl78-elf/rl78-elf/lib/g13\liboptc.a(strcpy.o)
                0x000028f3                strcpy
 .text          0x0000291a       0x29 C:\PROGRA~2\KPIT\GNURL7~1.02~\rl78-elf/rl78-elf/lib/g13\liboptc.a(strlen.o)
                0x0000291a                strlen
 .text          0x00002943     0x1595 C:\PROGRA~2\KPIT\GNURL7~1.02~\rl78-elf/rl78-elf/lib/g13\liboptc.a(frmwri.o)
                0x00002943                _formatted_write
 .text          0x00003ed8        0x0 C:\PROGRA~2\KPIT\GNURL7~1.02~\rl78-elf/lib/gcc/rl78-elf/4.9-GNURL78_v15.02/g13\libgcc.a(_sf_to_df.o)
 .text          0x00003ed8        0x0 C:\PROGRA~2\KPIT\GNURL7~1.02~\rl78-elf/lib/gcc/rl78-elf/4.9-GNURL78_v15.02/g13\libgcc.a(_addsub_df.o)
 .text          0x00003ed8        0x0 C:\PROGRA~2\KPIT\GNURL7~1.02~\rl78-elf/lib/gcc/rl78-elf/4.9-GNURL78_v15.02/g13\libgcc.a(_mul_df.o)
 .text          0x00003ed8        0x0 C:\PROGRA~2\KPIT\GNURL7~1.02~\rl78-elf/lib/gcc/rl78-elf/4.9-GNURL78_v15.02/g13\libgcc.a(_div_df.o)
 .text          0x00003ed8        0x0 C:\PROGRA~2\KPIT\GNURL7~1.02~\rl78-elf/lib/gcc/rl78-elf/4.9-GNURL78_v15.02/g13\libgcc.a(_ne_df.o)
 .text          0x00003ed8        0x0 C:\PROGRA~2\KPIT\GNURL7~1.02~\rl78-elf/lib/gcc/rl78-elf/4.9-GNURL78_v15.02/g13\libgcc.a(_ge_df.o)
 .text          0x00003ed8        0x0 C:\PROGRA~2\KPIT\GNURL7~1.02~\rl78-elf/lib/gcc/rl78-elf/4.9-GNURL78_v15.02/g13\libgcc.a(_lt_df.o)
 .text          0x00003ed8        0x0 C:\PROGRA~2\KPIT\GNURL7~1.02~\rl78-elf/lib/gcc/rl78-elf/4.9-GNURL78_v15.02/g13\libgcc.a(_le_df.o)
 .text          0x00003ed8        0x0 C:\PROGRA~2\KPIT\GNURL7~1.02~\rl78-elf/lib/gcc/rl78-elf/4.9-GNURL78_v15.02/g13\libgcc.a(_si_to_df.o)
 .text          0x00003ed8        0x0 C:\PROGRA~2\KPIT\GNURL7~1.02~\rl78-elf/lib/gcc/rl78-elf/4.9-GNURL78_v15.02/g13\libgcc.a(_df_to_si.o)
 .text          0x00003ed8        0x0 C:\PROGRA~2\KPIT\GNURL7~1.02~\rl78-elf/lib/gcc/rl78-elf/4.9-GNURL78_v15.02/g13\libgcc.a(_make_df.o)
 .text          0x00003ed8        0x0 C:\PROGRA~2\KPIT\GNURL7~1.02~\rl78-elf/lib/gcc/rl78-elf/4.9-GNURL78_v15.02/g13\libgcc.a(_thenan_df.o)
 .text          0x00003ed8        0x0 C:\PROGRA~2\KPIT\GNURL7~1.02~\rl78-elf/lib/gcc/rl78-elf/4.9-GNURL78_v15.02/g13\libgcc.a(divmodhi.o)
 .text          0x00003ed8        0x0 C:\PROGRA~2\KPIT\GNURL7~1.02~\rl78-elf/lib/gcc/rl78-elf/4.9-GNURL78_v15.02/g13\libgcc.a(bit-count.o)
 .text          0x00003ed8        0x0 C:\PROGRA~2\KPIT\GNURL7~1.02~\rl78-elf/lib/gcc/rl78-elf/4.9-GNURL78_v15.02/g13\libgcc.a(_muldi3.o)
 .text          0x00003ed8        0x0 C:\PROGRA~2\KPIT\GNURL7~1.02~\rl78-elf/lib/gcc/rl78-elf/4.9-GNURL78_v15.02/g13\libgcc.a(_lshrdi3.o)
 .text          0x00003ed8        0x0 C:\PROGRA~2\KPIT\GNURL7~1.02~\rl78-elf/lib/gcc/rl78-elf/4.9-GNURL78_v15.02/g13\libgcc.a(_ashldi3.o)
 .text          0x00003ed8        0x0 C:\PROGRA~2\KPIT\GNURL7~1.02~\rl78-elf/lib/gcc/rl78-elf/4.9-GNURL78_v15.02/g13\libgcc.a(_unpack_sf.o)
 .text          0x00003ed8        0x0 C:\PROGRA~2\KPIT\GNURL7~1.02~\rl78-elf/lib/gcc/rl78-elf/4.9-GNURL78_v15.02/g13\libgcc.a(_pack_df.o)
 .text          0x00003ed8        0x0 C:\PROGRA~2\KPIT\GNURL7~1.02~\rl78-elf/lib/gcc/rl78-elf/4.9-GNURL78_v15.02/g13\libgcc.a(_unpack_df.o)
 .text          0x00003ed8        0x0 C:\PROGRA~2\KPIT\GNURL7~1.02~\rl78-elf/lib/gcc/rl78-elf/4.9-GNURL78_v15.02/g13\libgcc.a(_fpcmp_parts_df.o)
 *(.text.*)
 .text.__extendsfdf2
                0x00003ed8      0x123 C:\PROGRA~2\KPIT\GNURL7~1.02~\rl78-elf/lib/gcc/rl78-elf/4.9-GNURL78_v15.02/g13\libgcc.a(_sf_to_df.o)
                0x00003ed8                __extendsfdf2
 .text._fpadd_parts
                0x00003ffb     0x1753 C:\PROGRA~2\KPIT\GNURL7~1.02~\rl78-elf/lib/gcc/rl78-elf/4.9-GNURL78_v15.02/g13\libgcc.a(_addsub_df.o)
 .text.__adddf3
                0x0000574e      0x117 C:\PROGRA~2\KPIT\GNURL7~1.02~\rl78-elf/lib/gcc/rl78-elf/4.9-GNURL78_v15.02/g13\libgcc.a(_addsub_df.o)
                0x0000574e                __adddf3
 .text.__subdf3
                0x00005865      0x121 C:\PROGRA~2\KPIT\GNURL7~1.02~\rl78-elf/lib/gcc/rl78-elf/4.9-GNURL78_v15.02/g13\libgcc.a(_addsub_df.o)
                0x00005865                __subdf3
 .text.__muldf3
                0x00005986     0x1633 C:\PROGRA~2\KPIT\GNURL7~1.02~\rl78-elf/lib/gcc/rl78-elf/4.9-GNURL78_v15.02/g13\libgcc.a(_mul_df.o)
                0x00005986                __muldf3
 .text.__divdf3
                0x00006fb9      0xbd7 C:\PROGRA~2\KPIT\GNURL7~1.02~\rl78-elf/lib/gcc/rl78-elf/4.9-GNURL78_v15.02/g13\libgcc.a(_div_df.o)
                0x00006fb9                __divdf3
 .text.__nedf2  0x00007b90       0xe6 C:\PROGRA~2\KPIT\GNURL7~1.02~\rl78-elf/lib/gcc/rl78-elf/4.9-GNURL78_v15.02/g13\libgcc.a(_ne_df.o)
                0x00007b90                __nedf2
 .text.__gedf2  0x00007c76       0xe7 C:\PROGRA~2\KPIT\GNURL7~1.02~\rl78-elf/lib/gcc/rl78-elf/4.9-GNURL78_v15.02/g13\libgcc.a(_ge_df.o)
                0x00007c76                __gedf2
 .text.__ltdf2  0x00007d5d       0xe6 C:\PROGRA~2\KPIT\GNURL7~1.02~\rl78-elf/lib/gcc/rl78-elf/4.9-GNURL78_v15.02/g13\libgcc.a(_lt_df.o)
                0x00007d5d                __ltdf2
 .text.__ledf2  0x00007e43       0xe6 C:\PROGRA~2\KPIT\GNURL7~1.02~\rl78-elf/lib/gcc/rl78-elf/4.9-GNURL78_v15.02/g13\libgcc.a(_le_df.o)
                0x00007e43                __ledf2
 .text.__floatsidf
                0x00007f29      0x19f C:\PROGRA~2\KPIT\GNURL7~1.02~\rl78-elf/lib/gcc/rl78-elf/4.9-GNURL78_v15.02/g13\libgcc.a(_si_to_df.o)
                0x00007f29                __floatsidf
 .text.__fixdfsi
                0x000080c8      0x142 C:\PROGRA~2\KPIT\GNURL7~1.02~\rl78-elf/lib/gcc/rl78-elf/4.9-GNURL78_v15.02/g13\libgcc.a(_df_to_si.o)
                0x000080c8                __fixdfsi
 .text.__make_dp
                0x0000820a       0x9d C:\PROGRA~2\KPIT\GNURL7~1.02~\rl78-elf/lib/gcc/rl78-elf/4.9-GNURL78_v15.02/g13\libgcc.a(_make_df.o)
                0x0000820a                __make_dp
 .text.___divhi3
                0x000082a7       0x61 C:\PROGRA~2\KPIT\GNURL7~1.02~\rl78-elf/lib/gcc/rl78-elf/4.9-GNURL78_v15.02/g13\libgcc.a(divmodhi.o)
                0x000082a7                __divhi3
 .text.___modhi3
                0x00008308       0x62 C:\PROGRA~2\KPIT\GNURL7~1.02~\rl78-elf/lib/gcc/rl78-elf/4.9-GNURL78_v15.02/g13\libgcc.a(divmodhi.o)
                0x00008308                __modhi3
 .text.___udivhi3
                0x0000836a       0x23 C:\PROGRA~2\KPIT\GNURL7~1.02~\rl78-elf/lib/gcc/rl78-elf/4.9-GNURL78_v15.02/g13\libgcc.a(divmodhi.o)
                0x0000836a                __udivhi3
 .text.___umodhi3
                0x0000838d       0x23 C:\PROGRA~2\KPIT\GNURL7~1.02~\rl78-elf/lib/gcc/rl78-elf/4.9-GNURL78_v15.02/g13\libgcc.a(divmodhi.o)
                0x0000838d                __umodhi3
 .text.___clzhi2
                0x000083b0       0x16 C:\PROGRA~2\KPIT\GNURL7~1.02~\rl78-elf/lib/gcc/rl78-elf/4.9-GNURL78_v15.02/g13\libgcc.a(bit-count.o)
                0x000083b0                __clzhi2
                0x000083b2                _clzhi2_internal
 .text.___clzsi2
                0x000083c6       0x17 C:\PROGRA~2\KPIT\GNURL7~1.02~\rl78-elf/lib/gcc/rl78-elf/4.9-GNURL78_v15.02/g13\libgcc.a(bit-count.o)
                0x000083c6                __clzsi2
 .text.___ctzhi2
                0x000083dd       0x16 C:\PROGRA~2\KPIT\GNURL7~1.02~\rl78-elf/lib/gcc/rl78-elf/4.9-GNURL78_v15.02/g13\libgcc.a(bit-count.o)
                0x000083dd                __ctzhi2
                0x000083df                _ctzhi2_internal
 .text.___ctzsi2
                0x000083f3       0x17 C:\PROGRA~2\KPIT\GNURL7~1.02~\rl78-elf/lib/gcc/rl78-elf/4.9-GNURL78_v15.02/g13\libgcc.a(bit-count.o)
                0x000083f3                __ctzsi2
 .text.___ffshi2
                0x0000840a       0x16 C:\PROGRA~2\KPIT\GNURL7~1.02~\rl78-elf/lib/gcc/rl78-elf/4.9-GNURL78_v15.02/g13\libgcc.a(bit-count.o)
                0x0000840a                __ffshi2
                0x0000840c                _ffshi2_internal
 .text.___ffssi2
                0x00008420       0x1c C:\PROGRA~2\KPIT\GNURL7~1.02~\rl78-elf/lib/gcc/rl78-elf/4.9-GNURL78_v15.02/g13\libgcc.a(bit-count.o)
                0x00008420                __ffssi2
 .text.___parityqi_internal
                0x0000843c       0x19 C:\PROGRA~2\KPIT\GNURL7~1.02~\rl78-elf/lib/gcc/rl78-elf/4.9-GNURL78_v15.02/g13\libgcc.a(bit-count.o)
                0x0000843c                __parityqi_internal
 .text.___parityhi2
                0x00008455        0x6 C:\PROGRA~2\KPIT\GNURL7~1.02~\rl78-elf/lib/gcc/rl78-elf/4.9-GNURL78_v15.02/g13\libgcc.a(bit-count.o)
                0x00008455                __parityhi2
 .text.___paritysi2
                0x0000845b        0xd C:\PROGRA~2\KPIT\GNURL7~1.02~\rl78-elf/lib/gcc/rl78-elf/4.9-GNURL78_v15.02/g13\libgcc.a(bit-count.o)
                0x0000845b                __paritysi2
 .text.___popcounthi2
                0x00008468        0x4 C:\PROGRA~2\KPIT\GNURL7~1.02~\rl78-elf/lib/gcc/rl78-elf/4.9-GNURL78_v15.02/g13\libgcc.a(bit-count.o)
                0x00008468                __popcounthi2
 .text.___popcountsi2
                0x0000846c        0x4 C:\PROGRA~2\KPIT\GNURL7~1.02~\rl78-elf/lib/gcc/rl78-elf/4.9-GNURL78_v15.02/g13\libgcc.a(bit-count.o)
                0x0000846c                __popcountsi2
 .text.___popcountqi_internal
                0x00008470       0x20 C:\PROGRA~2\KPIT\GNURL7~1.02~\rl78-elf/lib/gcc/rl78-elf/4.9-GNURL78_v15.02/g13\libgcc.a(bit-count.o)
                0x00008470                __popcountqi_internal
 .text.__muldi3
                0x00008490      0x395 C:\PROGRA~2\KPIT\GNURL7~1.02~\rl78-elf/lib/gcc/rl78-elf/4.9-GNURL78_v15.02/g13\libgcc.a(_muldi3.o)
                0x00008490                __muldi3
 .text.__lshrdi3
                0x00008825      0x1e6 C:\PROGRA~2\KPIT\GNURL7~1.02~\rl78-elf/lib/gcc/rl78-elf/4.9-GNURL78_v15.02/g13\libgcc.a(_lshrdi3.o)
                0x00008825                __lshrdi3
 .text.__ashldi3
                0x00008a0b      0x1c4 C:\PROGRA~2\KPIT\GNURL7~1.02~\rl78-elf/lib/gcc/rl78-elf/4.9-GNURL78_v15.02/g13\libgcc.a(_ashldi3.o)
                0x00008a0b                __ashldi3
 .text.__unpack_f
                0x00008bcf      0x18c C:\PROGRA~2\KPIT\GNURL7~1.02~\rl78-elf/lib/gcc/rl78-elf/4.9-GNURL78_v15.02/g13\libgcc.a(_unpack_sf.o)
                0x00008bcf                __unpack_f
 .text.__pack_d
                0x00008d5b      0xfc2 C:\PROGRA~2\KPIT\GNURL7~1.02~\rl78-elf/lib/gcc/rl78-elf/4.9-GNURL78_v15.02/g13\libgcc.a(_pack_df.o)
                0x00008d5b                __pack_d
 .text.__unpack_d
                0x00009d1d      0x467 C:\PROGRA~2\KPIT\GNURL7~1.02~\rl78-elf/lib/gcc/rl78-elf/4.9-GNURL78_v15.02/g13\libgcc.a(_unpack_df.o)
                0x00009d1d                __unpack_d
 .text.__fpcmp_parts_d
                0x0000a184      0x2a6 C:\PROGRA~2\KPIT\GNURL7~1.02~\rl78-elf/lib/gcc/rl78-elf/4.9-GNURL78_v15.02/g13\libgcc.a(_fpcmp_parts_df.o)
                0x0000a184                __fpcmp_parts_d
                0x0000a42a                etext = .
                0x0000a42a                . = ALIGN (0x2)

.init
 *(.init)

.fini
 *(.fini)

.got
 *(.got)
 *(.got.plt)

.rodata         0x0000a42a       0x7a
                0x0000a42a                . = ALIGN (0x2)
 *(.rodata)
 .rodata        0x0000a42a        0x7 ./src/r_cg_timer_user.o
 .rodata        0x0000a431       0x10 ./src/r_main.o
 .rodata        0x0000a441       0x1f ./src/user_functions.o
 .rodata        0x0000a460       0x35 C:\PROGRA~2\KPIT\GNURL7~1.02~\rl78-elf/rl78-elf/lib/g13\liboptc.a(frmwri.o)
 *(.rodata.*)
 *fill*         0x0000a495        0x1 
 .rodata.__thenan_df
                0x0000a496        0xe C:\PROGRA~2\KPIT\GNURL7~1.02~\rl78-elf/lib/gcc/rl78-elf/4.9-GNURL78_v15.02/g13\libgcc.a(_thenan_df.o)
                0x0000a496                __thenan_df
                0x0000a4a4                _erodata = .

.eh_frame_hdr
 *(.eh_frame_hdr)

.eh_frame
 *(.eh_frame)

.jcr            0x0000a4a4        0x0
 *(.jcr)
                0x0000a4a4                . = ALIGN (0x2)

.data           0x000fef00        0x0 load address 0x000000d8
                0x000fef00                . = ALIGN (0x2)
                0x000fef00                _data = .
 *(.data)
 .data          0x000fef00        0x0 ./src/debounce.o
 .data          0x000fef00        0x0 ./src/lcd.o
 .data          0x000fef00        0x0 ./src/r_cg_adc.o
 .data          0x000fef00        0x0 ./src/r_cg_adc_user.o
 .data          0x000fef00        0x0 ./src/r_cg_cgc.o
 .data          0x000fef00        0x0 ./src/r_cg_cgc_user.o
 .data          0x000fef00        0x0 ./src/r_cg_it.o
 .data          0x000fef00        0x0 ./src/r_cg_it_user.o
 .data          0x000fef00        0x0 ./src/r_cg_port.o
 .data          0x000fef00        0x0 ./src/r_cg_port_user.o
 .data          0x000fef00        0x0 ./src/r_cg_rtc.o
 .data          0x000fef00        0x0 ./src/r_cg_rtc_user.o
 .data          0x000fef00        0x0 ./src/r_cg_serial.o
 .data          0x000fef00        0x0 ./src/r_cg_serial_user.o
 .data          0x000fef00        0x0 ./src/r_cg_timer.o
 .data          0x000fef00        0x0 ./src/r_cg_timer_user.o
 .data          0x000fef00        0x0 ./src/r_cg_vector_table.o
 .data          0x000fef00        0x0 ./src/r_hardware_setup.o
 .data          0x000fef00        0x0 ./src/r_main.o
 .data          0x000fef00        0x0 ./src/r_reset_program.o
 .data          0x000fef00        0x0 ./src/user_functions.o
 .data          0x000fef00        0x0 C:\PROGRA~2\KPIT\GNURL7~1.02~\rl78-elf/rl78-elf/lib/g13\liboptc.a(sprintf.o)
 .data          0x000fef00        0x0 C:\PROGRA~2\KPIT\GNURL7~1.02~\rl78-elf/rl78-elf/lib/g13\liboptc.a(strcat.o)
 .data          0x000fef00        0x0 C:\PROGRA~2\KPIT\GNURL7~1.02~\rl78-elf/rl78-elf/lib/g13\liboptc.a(strcpy.o)
 .data          0x000fef00        0x0 C:\PROGRA~2\KPIT\GNURL7~1.02~\rl78-elf/rl78-elf/lib/g13\liboptc.a(strlen.o)
 .data          0x000fef00        0x0 C:\PROGRA~2\KPIT\GNURL7~1.02~\rl78-elf/rl78-elf/lib/g13\liboptc.a(frmwri.o)
 .data          0x000fef00        0x0 C:\PROGRA~2\KPIT\GNURL7~1.02~\rl78-elf/lib/gcc/rl78-elf/4.9-GNURL78_v15.02/g13\libgcc.a(_sf_to_df.o)
 .data          0x000fef00        0x0 C:\PROGRA~2\KPIT\GNURL7~1.02~\rl78-elf/lib/gcc/rl78-elf/4.9-GNURL78_v15.02/g13\libgcc.a(_addsub_df.o)
 .data          0x000fef00        0x0 C:\PROGRA~2\KPIT\GNURL7~1.02~\rl78-elf/lib/gcc/rl78-elf/4.9-GNURL78_v15.02/g13\libgcc.a(_mul_df.o)
 .data          0x000fef00        0x0 C:\PROGRA~2\KPIT\GNURL7~1.02~\rl78-elf/lib/gcc/rl78-elf/4.9-GNURL78_v15.02/g13\libgcc.a(_div_df.o)
 .data          0x000fef00        0x0 C:\PROGRA~2\KPIT\GNURL7~1.02~\rl78-elf/lib/gcc/rl78-elf/4.9-GNURL78_v15.02/g13\libgcc.a(_ne_df.o)
 .data          0x000fef00        0x0 C:\PROGRA~2\KPIT\GNURL7~1.02~\rl78-elf/lib/gcc/rl78-elf/4.9-GNURL78_v15.02/g13\libgcc.a(_ge_df.o)
 .data          0x000fef00        0x0 C:\PROGRA~2\KPIT\GNURL7~1.02~\rl78-elf/lib/gcc/rl78-elf/4.9-GNURL78_v15.02/g13\libgcc.a(_lt_df.o)
 .data          0x000fef00        0x0 C:\PROGRA~2\KPIT\GNURL7~1.02~\rl78-elf/lib/gcc/rl78-elf/4.9-GNURL78_v15.02/g13\libgcc.a(_le_df.o)
 .data          0x000fef00        0x0 C:\PROGRA~2\KPIT\GNURL7~1.02~\rl78-elf/lib/gcc/rl78-elf/4.9-GNURL78_v15.02/g13\libgcc.a(_si_to_df.o)
 .data          0x000fef00        0x0 C:\PROGRA~2\KPIT\GNURL7~1.02~\rl78-elf/lib/gcc/rl78-elf/4.9-GNURL78_v15.02/g13\libgcc.a(_df_to_si.o)
 .data          0x000fef00        0x0 C:\PROGRA~2\KPIT\GNURL7~1.02~\rl78-elf/lib/gcc/rl78-elf/4.9-GNURL78_v15.02/g13\libgcc.a(_make_df.o)
 .data          0x000fef00        0x0 C:\PROGRA~2\KPIT\GNURL7~1.02~\rl78-elf/lib/gcc/rl78-elf/4.9-GNURL78_v15.02/g13\libgcc.a(_thenan_df.o)
 .data          0x000fef00        0x0 C:\PROGRA~2\KPIT\GNURL7~1.02~\rl78-elf/lib/gcc/rl78-elf/4.9-GNURL78_v15.02/g13\libgcc.a(divmodhi.o)
 .data          0x000fef00        0x0 C:\PROGRA~2\KPIT\GNURL7~1.02~\rl78-elf/lib/gcc/rl78-elf/4.9-GNURL78_v15.02/g13\libgcc.a(bit-count.o)
 .data          0x000fef00        0x0 C:\PROGRA~2\KPIT\GNURL7~1.02~\rl78-elf/lib/gcc/rl78-elf/4.9-GNURL78_v15.02/g13\libgcc.a(_muldi3.o)
 .data          0x000fef00        0x0 C:\PROGRA~2\KPIT\GNURL7~1.02~\rl78-elf/lib/gcc/rl78-elf/4.9-GNURL78_v15.02/g13\libgcc.a(_lshrdi3.o)
 .data          0x000fef00        0x0 C:\PROGRA~2\KPIT\GNURL7~1.02~\rl78-elf/lib/gcc/rl78-elf/4.9-GNURL78_v15.02/g13\libgcc.a(_ashldi3.o)
 .data          0x000fef00        0x0 C:\PROGRA~2\KPIT\GNURL7~1.02~\rl78-elf/lib/gcc/rl78-elf/4.9-GNURL78_v15.02/g13\libgcc.a(_unpack_sf.o)
 .data          0x000fef00        0x0 C:\PROGRA~2\KPIT\GNURL7~1.02~\rl78-elf/lib/gcc/rl78-elf/4.9-GNURL78_v15.02/g13\libgcc.a(_pack_df.o)
 .data          0x000fef00        0x0 C:\PROGRA~2\KPIT\GNURL7~1.02~\rl78-elf/lib/gcc/rl78-elf/4.9-GNURL78_v15.02/g13\libgcc.a(_unpack_df.o)
 .data          0x000fef00        0x0 C:\PROGRA~2\KPIT\GNURL7~1.02~\rl78-elf/lib/gcc/rl78-elf/4.9-GNURL78_v15.02/g13\libgcc.a(_fpcmp_parts_df.o)
 *(.data.*)
                0x000fef00                . = ALIGN (0x2)
                0x000fef00                _edata = .
                0x00000000                PROVIDE (__romdatacopysize, SIZEOF (.data))

.bss            0x000fef00      0x152 load address 0x000000d8
                0x000fef00                . = ALIGN (0x2)
                0x000fef00                _bss = .
 *(.bss)
 .bss           0x000fef00       0x30 ./src/debounce.o
 .bss           0x000fef30        0x0 ./src/lcd.o
 .bss           0x000fef30        0x0 ./src/r_cg_adc.o
 .bss           0x000fef30        0x0 ./src/r_cg_adc_user.o
 .bss           0x000fef30        0x0 ./src/r_cg_cgc.o
 .bss           0x000fef30        0x0 ./src/r_cg_cgc_user.o
 .bss           0x000fef30        0x0 ./src/r_cg_it.o
 .bss           0x000fef30        0x0 ./src/r_cg_it_user.o
 .bss           0x000fef30        0x0 ./src/r_cg_port.o
 .bss           0x000fef30        0x0 ./src/r_cg_port_user.o
 .bss           0x000fef30        0x0 ./src/r_cg_rtc.o
 .bss           0x000fef30        0x0 ./src/r_cg_rtc_user.o
 .bss           0x000fef30        0x0 ./src/r_cg_serial.o
 .bss           0x000fef30        0x0 ./src/r_cg_serial_user.o
 .bss           0x000fef30        0x0 ./src/r_cg_timer.o
 .bss           0x000fef30        0x0 ./src/r_cg_timer_user.o
 .bss           0x000fef30        0x0 ./src/r_cg_vector_table.o
 .bss           0x000fef30        0x0 ./src/r_hardware_setup.o
 .bss           0x000fef30        0x0 ./src/r_main.o
 .bss           0x000fef30        0x0 ./src/r_reset_program.o
 .bss           0x000fef30       0x3c ./src/user_functions.o
                0x000fef30                D
                0x000fef32                flag
 .bss           0x000fef6c        0x0 C:\PROGRA~2\KPIT\GNURL7~1.02~\rl78-elf/rl78-elf/lib/g13\liboptc.a(sprintf.o)
 .bss           0x000fef6c        0x0 C:\PROGRA~2\KPIT\GNURL7~1.02~\rl78-elf/rl78-elf/lib/g13\liboptc.a(strcat.o)
 .bss           0x000fef6c        0x0 C:\PROGRA~2\KPIT\GNURL7~1.02~\rl78-elf/rl78-elf/lib/g13\liboptc.a(strcpy.o)
 .bss           0x000fef6c        0x0 C:\PROGRA~2\KPIT\GNURL7~1.02~\rl78-elf/rl78-elf/lib/g13\liboptc.a(strlen.o)
 .bss           0x000fef6c        0x0 C:\PROGRA~2\KPIT\GNURL7~1.02~\rl78-elf/rl78-elf/lib/g13\liboptc.a(frmwri.o)
 .bss           0x000fef6c        0x0 C:\PROGRA~2\KPIT\GNURL7~1.02~\rl78-elf/lib/gcc/rl78-elf/4.9-GNURL78_v15.02/g13\libgcc.a(_sf_to_df.o)
 .bss           0x000fef6c        0x0 C:\PROGRA~2\KPIT\GNURL7~1.02~\rl78-elf/lib/gcc/rl78-elf/4.9-GNURL78_v15.02/g13\libgcc.a(_addsub_df.o)
 .bss           0x000fef6c        0x0 C:\PROGRA~2\KPIT\GNURL7~1.02~\rl78-elf/lib/gcc/rl78-elf/4.9-GNURL78_v15.02/g13\libgcc.a(_mul_df.o)
 .bss           0x000fef6c        0x0 C:\PROGRA~2\KPIT\GNURL7~1.02~\rl78-elf/lib/gcc/rl78-elf/4.9-GNURL78_v15.02/g13\libgcc.a(_div_df.o)
 .bss           0x000fef6c        0x0 C:\PROGRA~2\KPIT\GNURL7~1.02~\rl78-elf/lib/gcc/rl78-elf/4.9-GNURL78_v15.02/g13\libgcc.a(_ne_df.o)
 .bss           0x000fef6c        0x0 C:\PROGRA~2\KPIT\GNURL7~1.02~\rl78-elf/lib/gcc/rl78-elf/4.9-GNURL78_v15.02/g13\libgcc.a(_ge_df.o)
 .bss           0x000fef6c        0x0 C:\PROGRA~2\KPIT\GNURL7~1.02~\rl78-elf/lib/gcc/rl78-elf/4.9-GNURL78_v15.02/g13\libgcc.a(_lt_df.o)
 .bss           0x000fef6c        0x0 C:\PROGRA~2\KPIT\GNURL7~1.02~\rl78-elf/lib/gcc/rl78-elf/4.9-GNURL78_v15.02/g13\libgcc.a(_le_df.o)
 .bss           0x000fef6c        0x0 C:\PROGRA~2\KPIT\GNURL7~1.02~\rl78-elf/lib/gcc/rl78-elf/4.9-GNURL78_v15.02/g13\libgcc.a(_si_to_df.o)
 .bss           0x000fef6c        0x0 C:\PROGRA~2\KPIT\GNURL7~1.02~\rl78-elf/lib/gcc/rl78-elf/4.9-GNURL78_v15.02/g13\libgcc.a(_df_to_si.o)
 .bss           0x000fef6c        0x0 C:\PROGRA~2\KPIT\GNURL7~1.02~\rl78-elf/lib/gcc/rl78-elf/4.9-GNURL78_v15.02/g13\libgcc.a(_make_df.o)
 .bss           0x000fef6c        0x0 C:\PROGRA~2\KPIT\GNURL7~1.02~\rl78-elf/lib/gcc/rl78-elf/4.9-GNURL78_v15.02/g13\libgcc.a(_thenan_df.o)
 .bss           0x000fef6c        0x0 C:\PROGRA~2\KPIT\GNURL7~1.02~\rl78-elf/lib/gcc/rl78-elf/4.9-GNURL78_v15.02/g13\libgcc.a(divmodhi.o)
 .bss           0x000fef6c        0x0 C:\PROGRA~2\KPIT\GNURL7~1.02~\rl78-elf/lib/gcc/rl78-elf/4.9-GNURL78_v15.02/g13\libgcc.a(bit-count.o)
 .bss           0x000fef6c        0x0 C:\PROGRA~2\KPIT\GNURL7~1.02~\rl78-elf/lib/gcc/rl78-elf/4.9-GNURL78_v15.02/g13\libgcc.a(_muldi3.o)
 .bss           0x000fef6c        0x0 C:\PROGRA~2\KPIT\GNURL7~1.02~\rl78-elf/lib/gcc/rl78-elf/4.9-GNURL78_v15.02/g13\libgcc.a(_lshrdi3.o)
 .bss           0x000fef6c        0x0 C:\PROGRA~2\KPIT\GNURL7~1.02~\rl78-elf/lib/gcc/rl78-elf/4.9-GNURL78_v15.02/g13\libgcc.a(_ashldi3.o)
 .bss           0x000fef6c        0x0 C:\PROGRA~2\KPIT\GNURL7~1.02~\rl78-elf/lib/gcc/rl78-elf/4.9-GNURL78_v15.02/g13\libgcc.a(_unpack_sf.o)
 .bss           0x000fef6c        0x0 C:\PROGRA~2\KPIT\GNURL7~1.02~\rl78-elf/lib/gcc/rl78-elf/4.9-GNURL78_v15.02/g13\libgcc.a(_pack_df.o)
 .bss           0x000fef6c        0x0 C:\PROGRA~2\KPIT\GNURL7~1.02~\rl78-elf/lib/gcc/rl78-elf/4.9-GNURL78_v15.02/g13\libgcc.a(_unpack_df.o)
 .bss           0x000fef6c        0x0 C:\PROGRA~2\KPIT\GNURL7~1.02~\rl78-elf/lib/gcc/rl78-elf/4.9-GNURL78_v15.02/g13\libgcc.a(_fpcmp_parts_df.o)
 *(.bss.**)
                0x000fef6c                . = ALIGN (0x2)
 *(COMMON)
 COMMON         0x000fef6c       0x6a ./src/debounce.o
                0x000fef6c                interval_timer_count
                0x000fef6e                record
                0x000fefa0                count
                0x000fefa2                timerFlag
                0x000fefa4                mem
 COMMON         0x000fefd6        0xa ./src/r_cg_serial.o
                0x000fefd6                g_uart1_rx_length
                0x000fefd8                g_uart1_rx_count
                0x000fefda                gp_uart1_rx_address
                0x000fefdc                gp_uart1_tx_address
                0x000fefde                g_uart1_tx_count
 COMMON         0x000fefe0       0x6e ./src/r_main.o
                0x000fefe0                uart1RxOvrFlag
                0x000fefe1                uart1RxFlag
                0x000fefe2                uart1RxBuf
                0x000ff014                uart1RxCnt
                0x000ff016                uart1RxErrFlag
                0x000ff017                uart1TxFlag
                0x000ff018                uart1Status
                0x000ff01a                uart1TxBuf
                0x000ff04c                uart1TxCnt
 COMMON         0x000ff04e        0x3 ./src/user_functions.o
                0x000ff04e                current1
                0x000ff04f                voltage
                0x000ff050                current2
                0x000ff052                . = ALIGN (0x2)
 *fill*         0x000ff051        0x1 
                0x000ff052                _ebss = .
                0x000ff052                _end = .
                0x00000064                PROVIDE (stack_size, 0x64)

.stack          0x000ffedc        0x0
                0x000ffedc                _stack = .
                0x00000001                ASSERT ((_stack > (_end + stack_size)), Error: Too much data - no room left for the stack)
LOAD ./src/debounce.o
LOAD ./src/lcd.o
LOAD ./src/r_cg_adc.o
LOAD ./src/r_cg_adc_user.o
LOAD ./src/r_cg_cgc.o
LOAD ./src/r_cg_cgc_user.o
LOAD ./src/r_cg_it.o
LOAD ./src/r_cg_it_user.o
LOAD ./src/r_cg_port.o
LOAD ./src/r_cg_port_user.o
LOAD ./src/r_cg_rtc.o
LOAD ./src/r_cg_rtc_user.o
LOAD ./src/r_cg_serial.o
LOAD ./src/r_cg_serial_user.o
LOAD ./src/r_cg_timer.o
LOAD ./src/r_cg_timer_user.o
LOAD ./src/r_cg_vector_table.o
LOAD ./src/r_hardware_setup.o
LOAD ./src/r_main.o
LOAD ./src/r_reset_program.o
LOAD ./src/user_functions.o
START GROUP
LOAD C:\PROGRA~2\KPIT\GNURL7~1.02~\rl78-elf/rl78-elf/lib/g13\liboptm.a
LOAD C:\PROGRA~2\KPIT\GNURL7~1.02~\rl78-elf/rl78-elf/lib/g13\liboptc.a
LOAD C:\PROGRA~2\KPIT\GNURL7~1.02~\rl78-elf/lib/gcc/rl78-elf/4.9-GNURL78_v15.02/g13\libgcc.a
END GROUP
OUTPUT(EdesignDemo.x elf32-rl78)

.debug_frame    0x00000000      0x708
 .debug_frame   0x00000000       0x3c ./src/debounce.o
 .debug_frame   0x0000003c       0x84 ./src/lcd.o
 .debug_frame   0x000000c0       0x74 ./src/r_cg_adc.o
 .debug_frame   0x00000134       0x40 ./src/r_cg_adc_user.o
 .debug_frame   0x00000174       0x2c ./src/r_cg_cgc.o
 .debug_frame   0x000001a0       0x2c ./src/r_cg_cgc_user.o
 .debug_frame   0x000001cc       0x44 ./src/r_cg_it.o
 .debug_frame   0x00000210       0x5c ./src/r_cg_it_user.o
 .debug_frame   0x0000026c       0x24 ./src/r_cg_port.o
 .debug_frame   0x00000290       0x74 ./src/r_cg_rtc.o
 .debug_frame   0x00000304       0x94 ./src/r_cg_serial.o
 .debug_frame   0x00000398       0xec ./src/r_cg_serial_user.o
 .debug_frame   0x00000484       0x80 ./src/r_cg_timer.o
 .debug_frame   0x00000504       0x90 ./src/r_cg_timer_user.o
 .debug_frame   0x00000594       0x40 ./src/r_cg_vector_table.o
 .debug_frame   0x000005d4       0x3c ./src/r_hardware_setup.o
 .debug_frame   0x00000610       0x3c ./src/r_main.o
 .debug_frame   0x0000064c       0xbc ./src/user_functions.o

.debug_info     0x00000000     0x2e2f
 .debug_info    0x00000000      0x21f ./src/debounce.o
 .debug_info    0x0000021f      0x3e0 ./src/lcd.o
 .debug_info    0x000005ff      0x348 ./src/r_cg_adc.o
 .debug_info    0x00000947       0xdf ./src/r_cg_adc_user.o
 .debug_info    0x00000a26      0x1d4 ./src/r_cg_cgc.o
 .debug_info    0x00000bfa       0xf2 ./src/r_cg_cgc_user.o
 .debug_info    0x00000cec      0x253 ./src/r_cg_it.o
 .debug_info    0x00000f3f       0xfb ./src/r_cg_it_user.o
 .debug_info    0x0000103a      0x281 ./src/r_cg_port.o
 .debug_info    0x000012bb       0xc6 ./src/r_cg_port_user.o
 .debug_info    0x00001381      0x39f ./src/r_cg_rtc.o
 .debug_info    0x00001720       0xc6 ./src/r_cg_rtc_user.o
 .debug_info    0x000017e6      0x4f6 ./src/r_cg_serial.o
 .debug_info    0x00001cdc      0x1e3 ./src/r_cg_serial_user.o
 .debug_info    0x00001ebf      0x44f ./src/r_cg_timer.o
 .debug_info    0x0000230e      0x102 ./src/r_cg_timer_user.o
 .debug_info    0x00002410      0x174 ./src/r_cg_vector_table.o
 .debug_info    0x00002584       0xf4 ./src/r_hardware_setup.o
 .debug_info    0x00002678      0x2a1 ./src/r_main.o
 .debug_info    0x00002919       0x6a ./src/r_reset_program.o
 .debug_info    0x00002983      0x4ac ./src/user_functions.o

.debug_abbrev   0x00000000     0x1298
 .debug_abbrev  0x00000000      0x102 ./src/debounce.o
 .debug_abbrev  0x00000102      0x169 ./src/lcd.o
 .debug_abbrev  0x0000026b      0x130 ./src/r_cg_adc.o
 .debug_abbrev  0x0000039b       0x83 ./src/r_cg_adc_user.o
 .debug_abbrev  0x0000041e       0xd9 ./src/r_cg_cgc.o
 .debug_abbrev  0x000004f7       0x94 ./src/r_cg_cgc_user.o
 .debug_abbrev  0x0000058b       0xf7 ./src/r_cg_it.o
 .debug_abbrev  0x00000682       0xa4 ./src/r_cg_it_user.o
 .debug_abbrev  0x00000726       0xce ./src/r_cg_port.o
 .debug_abbrev  0x000007f4       0x67 ./src/r_cg_port_user.o
 .debug_abbrev  0x0000085b      0x15f ./src/r_cg_rtc.o
 .debug_abbrev  0x000009ba       0x67 ./src/r_cg_rtc_user.o
 .debug_abbrev  0x00000a21      0x175 ./src/r_cg_serial.o
 .debug_abbrev  0x00000b96      0x10a ./src/r_cg_serial_user.o
 .debug_abbrev  0x00000ca0      0x10c ./src/r_cg_timer.o
 .debug_abbrev  0x00000dac       0xb3 ./src/r_cg_timer_user.o
 .debug_abbrev  0x00000e5f       0x98 ./src/r_cg_vector_table.o
 .debug_abbrev  0x00000ef7       0x9d ./src/r_hardware_setup.o
 .debug_abbrev  0x00000f94       0xf7 ./src/r_main.o
 .debug_abbrev  0x0000108b       0x14 ./src/r_reset_program.o
 .debug_abbrev  0x0000109f      0x1f9 ./src/user_functions.o

.debug_aranges  0x00000000      0x290
 .debug_aranges
                0x00000000       0x20 ./src/debounce.o
 .debug_aranges
                0x00000020       0x20 ./src/lcd.o
 .debug_aranges
                0x00000040       0x20 ./src/r_cg_adc.o
 .debug_aranges
                0x00000060       0x20 ./src/r_cg_adc_user.o
 .debug_aranges
                0x00000080       0x20 ./src/r_cg_cgc.o
 .debug_aranges
                0x000000a0       0x20 ./src/r_cg_cgc_user.o
 .debug_aranges
                0x000000c0       0x20 ./src/r_cg_it.o
 .debug_aranges
                0x000000e0       0x20 ./src/r_cg_it_user.o
 .debug_aranges
                0x00000100       0x20 ./src/r_cg_port.o
 .debug_aranges
                0x00000120       0x18 ./src/r_cg_port_user.o
 .debug_aranges
                0x00000138       0x20 ./src/r_cg_rtc.o
 .debug_aranges
                0x00000158       0x18 ./src/r_cg_rtc_user.o
 .debug_aranges
                0x00000170       0x20 ./src/r_cg_serial.o
 .debug_aranges
                0x00000190       0x20 ./src/r_cg_serial_user.o
 .debug_aranges
                0x000001b0       0x20 ./src/r_cg_timer.o
 .debug_aranges
                0x000001d0       0x20 ./src/r_cg_timer_user.o
 .debug_aranges
                0x000001f0       0x20 ./src/r_cg_vector_table.o
 .debug_aranges
                0x00000210       0x20 ./src/r_hardware_setup.o
 .debug_aranges
                0x00000230       0x20 ./src/r_main.o
 .debug_aranges
                0x00000250       0x20 ./src/r_reset_program.o
 .debug_aranges
                0x00000270       0x20 ./src/user_functions.o

.debug_line     0x00000000     0x1989
 .debug_line    0x00000000      0x115 ./src/debounce.o
 .debug_line    0x00000115      0x1ac ./src/lcd.o
 .debug_line    0x000002c1      0x151 ./src/r_cg_adc.o
 .debug_line    0x00000412       0x70 ./src/r_cg_adc_user.o
 .debug_line    0x00000482       0xc9 ./src/r_cg_cgc.o
 .debug_line    0x0000054b       0x76 ./src/r_cg_cgc_user.o
 .debug_line    0x000005c1       0xf0 ./src/r_cg_it.o
 .debug_line    0x000006b1       0x81 ./src/r_cg_it_user.o
 .debug_line    0x00000732       0xbc ./src/r_cg_port.o
 .debug_line    0x000007ee       0x47 ./src/r_cg_port_user.o
 .debug_line    0x00000835      0x275 ./src/r_cg_rtc.o
 .debug_line    0x00000aaa       0x47 ./src/r_cg_rtc_user.o
 .debug_line    0x00000af1      0x250 ./src/r_cg_serial.o
 .debug_line    0x00000d41      0x121 ./src/r_cg_serial_user.o
 .debug_line    0x00000e62      0x1e3 ./src/r_cg_timer.o
 .debug_line    0x00001045       0x8a ./src/r_cg_timer_user.o
 .debug_line    0x000010cf       0x75 ./src/r_cg_vector_table.o
 .debug_line    0x00001144       0xcd ./src/r_hardware_setup.o
 .debug_line    0x00001211      0x11a ./src/r_main.o
 .debug_line    0x0000132b      0x15f ./src/r_reset_program.o
 .debug_line    0x0000148a      0x4ff ./src/user_functions.o

.debug_str      0x00000000      0xa14
 .debug_str     0x00000000      0x19f ./src/debounce.o
                                0x1b6 (size before relaxing)
 .debug_str     0x0000019f       0xde ./src/lcd.o
                                0x213 (size before relaxing)
 .debug_str     0x0000027d       0xd0 ./src/r_cg_adc.o
                                0x24c (size before relaxing)
 .debug_str     0x0000034d       0x27 ./src/r_cg_adc_user.o
                                0x171 (size before relaxing)
 .debug_str     0x00000374       0x35 ./src/r_cg_cgc.o
                                0x190 (size before relaxing)
 .debug_str     0x000003a9       0x38 ./src/r_cg_cgc_user.o
                                0x182 (size before relaxing)
 .debug_str     0x000003e1       0x32 ./src/r_cg_it.o
                                0x1d2 (size before relaxing)
 .debug_str     0x00000413       0x30 ./src/r_cg_it_user.o
                                0x17a (size before relaxing)
 .debug_str     0x00000443       0x4b ./src/r_cg_port.o
                                0x1af (size before relaxing)
 .debug_str     0x0000048e       0x18 ./src/r_cg_port_user.o
                                0x162 (size before relaxing)
 .debug_str     0x000004a6       0xdc ./src/r_cg_rtc.o
                                0x287 (size before relaxing)
 .debug_str     0x00000582       0x17 ./src/r_cg_rtc_user.o
                                0x161 (size before relaxing)
 .debug_str     0x00000599      0x110 ./src/r_cg_serial.o
                                0x2d3 (size before relaxing)
 .debug_str     0x000006a9       0xe1 ./src/r_cg_serial_user.o
                                0x2aa (size before relaxing)
 .debug_str     0x0000078a       0x81 ./src/r_cg_timer.o
                                0x268 (size before relaxing)
 .debug_str     0x0000080b       0x4d ./src/r_cg_timer_user.o
                                0x1a4 (size before relaxing)
 .debug_str     0x00000858       0x4c ./src/r_cg_vector_table.o
                                0x19e (size before relaxing)
 .debug_str     0x000008a4       0x35 ./src/r_hardware_setup.o
                                0x17f (size before relaxing)
 .debug_str     0x000008d9       0x89 ./src/r_main.o
                                0x225 (size before relaxing)
 .debug_str     0x00000962       0xb2 ./src/user_functions.o
                                0x27e (size before relaxing)

.comment        0x00000000       0x94
 .comment       0x00000000       0x94 ./src/debounce.o
                                 0x95 (size before relaxing)
 .comment       0x00000000       0x95 ./src/lcd.o
 .comment       0x00000000       0x95 ./src/r_cg_adc.o
 .comment       0x00000000       0x95 ./src/r_cg_adc_user.o
 .comment       0x00000000       0x95 ./src/r_cg_cgc.o
 .comment       0x00000000       0x95 ./src/r_cg_cgc_user.o
 .comment       0x00000000       0x95 ./src/r_cg_it.o
 .comment       0x00000000       0x95 ./src/r_cg_it_user.o
 .comment       0x00000000       0x95 ./src/r_cg_port.o
 .comment       0x00000000       0x95 ./src/r_cg_port_user.o
 .comment       0x00000000       0x95 ./src/r_cg_rtc.o
 .comment       0x00000000       0x95 ./src/r_cg_rtc_user.o
 .comment       0x00000000       0x95 ./src/r_cg_serial.o
 .comment       0x00000000       0x95 ./src/r_cg_serial_user.o
 .comment       0x00000000       0x95 ./src/r_cg_timer.o
 .comment       0x00000000       0x95 ./src/r_cg_timer_user.o
 .comment       0x00000000       0x95 ./src/r_cg_vector_table.o
 .comment       0x00000000       0x95 ./src/r_hardware_setup.o
 .comment       0x00000000       0x95 ./src/r_main.o
 .comment       0x00000000       0x95 ./src/user_functions.o
 .comment       0x00000000       0x95 C:\PROGRA~2\KPIT\GNURL7~1.02~\rl78-elf/rl78-elf/lib/g13\liboptc.a(sprintf.o)
 .comment       0x00000000       0x95 C:\PROGRA~2\KPIT\GNURL7~1.02~\rl78-elf/rl78-elf/lib/g13\liboptc.a(strcat.o)
 .comment       0x00000000       0x95 C:\PROGRA~2\KPIT\GNURL7~1.02~\rl78-elf/rl78-elf/lib/g13\liboptc.a(strcpy.o)
 .comment       0x00000000       0x95 C:\PROGRA~2\KPIT\GNURL7~1.02~\rl78-elf/rl78-elf/lib/g13\liboptc.a(strlen.o)
 .comment       0x00000000       0x95 C:\PROGRA~2\KPIT\GNURL7~1.02~\rl78-elf/rl78-elf/lib/g13\liboptc.a(frmwri.o)
 .comment       0x00000000       0x95 C:\PROGRA~2\KPIT\GNURL7~1.02~\rl78-elf/lib/gcc/rl78-elf/4.9-GNURL78_v15.02/g13\libgcc.a(_sf_to_df.o)
 .comment       0x00000000       0x95 C:\PROGRA~2\KPIT\GNURL7~1.02~\rl78-elf/lib/gcc/rl78-elf/4.9-GNURL78_v15.02/g13\libgcc.a(_addsub_df.o)
 .comment       0x00000000       0x95 C:\PROGRA~2\KPIT\GNURL7~1.02~\rl78-elf/lib/gcc/rl78-elf/4.9-GNURL78_v15.02/g13\libgcc.a(_mul_df.o)
 .comment       0x00000000       0x95 C:\PROGRA~2\KPIT\GNURL7~1.02~\rl78-elf/lib/gcc/rl78-elf/4.9-GNURL78_v15.02/g13\libgcc.a(_div_df.o)
 .comment       0x00000000       0x95 C:\PROGRA~2\KPIT\GNURL7~1.02~\rl78-elf/lib/gcc/rl78-elf/4.9-GNURL78_v15.02/g13\libgcc.a(_ne_df.o)
 .comment       0x00000000       0x95 C:\PROGRA~2\KPIT\GNURL7~1.02~\rl78-elf/lib/gcc/rl78-elf/4.9-GNURL78_v15.02/g13\libgcc.a(_ge_df.o)
 .comment       0x00000000       0x95 C:\PROGRA~2\KPIT\GNURL7~1.02~\rl78-elf/lib/gcc/rl78-elf/4.9-GNURL78_v15.02/g13\libgcc.a(_lt_df.o)
 .comment       0x00000000       0x95 C:\PROGRA~2\KPIT\GNURL7~1.02~\rl78-elf/lib/gcc/rl78-elf/4.9-GNURL78_v15.02/g13\libgcc.a(_le_df.o)
 .comment       0x00000000       0x95 C:\PROGRA~2\KPIT\GNURL7~1.02~\rl78-elf/lib/gcc/rl78-elf/4.9-GNURL78_v15.02/g13\libgcc.a(_si_to_df.o)
 .comment       0x00000000       0x95 C:\PROGRA~2\KPIT\GNURL7~1.02~\rl78-elf/lib/gcc/rl78-elf/4.9-GNURL78_v15.02/g13\libgcc.a(_df_to_si.o)
 .comment       0x00000000       0x95 C:\PROGRA~2\KPIT\GNURL7~1.02~\rl78-elf/lib/gcc/rl78-elf/4.9-GNURL78_v15.02/g13\libgcc.a(_make_df.o)
 .comment       0x00000000       0x95 C:\PROGRA~2\KPIT\GNURL7~1.02~\rl78-elf/lib/gcc/rl78-elf/4.9-GNURL78_v15.02/g13\libgcc.a(_thenan_df.o)
 .comment       0x00000000       0x95 C:\PROGRA~2\KPIT\GNURL7~1.02~\rl78-elf/lib/gcc/rl78-elf/4.9-GNURL78_v15.02/g13\libgcc.a(_muldi3.o)
 .comment       0x00000000       0x95 C:\PROGRA~2\KPIT\GNURL7~1.02~\rl78-elf/lib/gcc/rl78-elf/4.9-GNURL78_v15.02/g13\libgcc.a(_lshrdi3.o)
 .comment       0x00000000       0x95 C:\PROGRA~2\KPIT\GNURL7~1.02~\rl78-elf/lib/gcc/rl78-elf/4.9-GNURL78_v15.02/g13\libgcc.a(_ashldi3.o)
 .comment       0x00000000       0x95 C:\PROGRA~2\KPIT\GNURL7~1.02~\rl78-elf/lib/gcc/rl78-elf/4.9-GNURL78_v15.02/g13\libgcc.a(_unpack_sf.o)
 .comment       0x00000000       0x95 C:\PROGRA~2\KPIT\GNURL7~1.02~\rl78-elf/lib/gcc/rl78-elf/4.9-GNURL78_v15.02/g13\libgcc.a(_pack_df.o)
 .comment       0x00000000       0x95 C:\PROGRA~2\KPIT\GNURL7~1.02~\rl78-elf/lib/gcc/rl78-elf/4.9-GNURL78_v15.02/g13\libgcc.a(_unpack_df.o)
 .comment       0x00000000       0x95 C:\PROGRA~2\KPIT\GNURL7~1.02~\rl78-elf/lib/gcc/rl78-elf/4.9-GNURL78_v15.02/g13\libgcc.a(_fpcmp_parts_df.o)
