   1                             	r8	=	0xffef0
   2                             	r16	=	0xffee8
   3                             	r24	=	0xffee0
   4                             	r9	=	0xffef1
   5                             	r17	=	0xffee9
   6                             	r25	=	0xffee1
   7                             	r10	=	0xffef2
   8                             	r18	=	0xffeea
   9                             	r26	=	0xffee2
  10                             	r11	=	0xffef3
  11                             	r19	=	0xffeeb
  12                             	r27	=	0xffee3
  13                             	r12	=	0xffef4
  14                             	r20	=	0xffeec
  15                             	r28	=	0xffee4
  16                             	r13	=	0xffef5
  17                             	r21	=	0xffeed
  18                             	r29	=	0xffee5
  19                             	r14	=	0xffef6
  20                             	r22	=	0xffeee
  21                             	r30	=	0xffee6
  22                             	r15	=	0xffef7
  23                             	r23	=	0xffeef
  24                             	r31	=	0xffee7
  25                             	.text
  26                             	.Ltext0:
  27                             		.comm	_record,50,1
  28                             		.comm	_mem,50,1
  29                             		.comm	_display_string,50,1
  30                             		.comm	_voltage,1,1
  31                             		.comm	_current1,1,1
  32                             		.comm	_current2,1,1
  33                             		.comm	_date,6,1
  34                             		.comm	_scrollFlag,1,1
  35                             		.comm	_tempFlag,1,1
  36                             		.comm	_secFlag,1,1
  37                             		.comm	_scrollCount,2,2
  38                             		.comm	_timerFlag,2,2
  39                             		.global	_R_IT_Create
  41                             	_R_IT_Create:
  42                             	.LFB0:
  43                             		.file 1 "../src/r_cg_it.c"
   1:../src/r_cg_it.c **** /**************************************************************************************************
   2:../src/r_cg_it.c **** * DISCLAIMER
   3:../src/r_cg_it.c **** * This software is supplied by Renesas Electronics Corporation and is only intended for use with Re
   4:../src/r_cg_it.c **** * No other uses are authorized. This software is owned by Renesas Electronics Corporation and is pr
   5:../src/r_cg_it.c **** * applicable laws, including copyright laws. 
   6:../src/r_cg_it.c **** * THIS SOFTWARE IS PROVIDED "AS IS" AND RENESAS MAKES NO WARRANTIESREGARDING THIS SOFTWARE, WHETHER
   7:../src/r_cg_it.c **** * OR STATUTORY, INCLUDING BUT NOT LIMITED TO WARRANTIES OF MERCHANTABILITY, FITNESS FOR A PARTICULA
   8:../src/r_cg_it.c **** * NON-INFRINGEMENT.  ALL SUCH WARRANTIES ARE EXPRESSLY DISCLAIMED.TO THE MAXIMUM EXTENT PERMITTED N
   9:../src/r_cg_it.c **** * LAW, NEITHER RENESAS ELECTRONICS CORPORATION NOR ANY OF ITS AFFILIATED COMPANIES SHALL BE LIABLE 
  10:../src/r_cg_it.c **** * INDIRECT, SPECIAL, INCIDENTAL OR CONSEQUENTIAL DAMAGES FOR ANY REASON RELATED TO THIS SOFTWARE, E
  11:../src/r_cg_it.c **** * ITS AFFILIATES HAVE BEEN ADVISED OF THE POSSIBILITY OF SUCH DAMAGES.
  12:../src/r_cg_it.c **** * Renesas reserves the right, without notice, to make changes to this software and to discontinue t
  13:../src/r_cg_it.c **** * of this software. By using this software, you agree to the additional terms and conditions found 
  14:../src/r_cg_it.c **** * following link:
  15:../src/r_cg_it.c **** * http://www.renesas.com/disclaimer
  16:../src/r_cg_it.c **** *
  17:../src/r_cg_it.c **** * Copyright (C) 2011, 2015 Renesas Electronics Corporation. All rights reserved.
  18:../src/r_cg_it.c **** ***************************************************************************************************
  19:../src/r_cg_it.c **** 
  20:../src/r_cg_it.c **** /**************************************************************************************************
  21:../src/r_cg_it.c **** * File Name    : r_cg_it.c
  22:../src/r_cg_it.c **** * Version      : CodeGenerator for RL78/G13 V2.03.02.01 [15 May 2015]
  23:../src/r_cg_it.c **** * Device(s)    : R5F100LE
  24:../src/r_cg_it.c **** * Tool-Chain   : GCCRL78
  25:../src/r_cg_it.c **** * Description  : This file implements device driver for IT module.
  26:../src/r_cg_it.c **** * Creation Date: 2017/05/08
  27:../src/r_cg_it.c **** ***************************************************************************************************
  28:../src/r_cg_it.c **** 
  29:../src/r_cg_it.c **** /**************************************************************************************************
  30:../src/r_cg_it.c **** Includes
  31:../src/r_cg_it.c **** ***************************************************************************************************
  32:../src/r_cg_it.c **** #include "r_cg_macrodriver.h"
  33:../src/r_cg_it.c **** #include "r_cg_it.h"
  34:../src/r_cg_it.c **** /* Start user code for include. Do not edit comment generated here */
  35:../src/r_cg_it.c **** /* End user code. Do not edit comment generated here */
  36:../src/r_cg_it.c **** #include "r_cg_userdefine.h"
  37:../src/r_cg_it.c **** 
  38:../src/r_cg_it.c **** /**************************************************************************************************
  39:../src/r_cg_it.c **** Global variables and functions
  40:../src/r_cg_it.c **** ***************************************************************************************************
  41:../src/r_cg_it.c **** /* Start user code for global. Do not edit comment generated here */
  42:../src/r_cg_it.c **** /* End user code. Do not edit comment generated here */
  43:../src/r_cg_it.c **** 
  44:../src/r_cg_it.c **** /**************************************************************************************************
  45:../src/r_cg_it.c **** * Function Name: R_IT_Create
  46:../src/r_cg_it.c **** * Description  : This function initializes the IT module.
  47:../src/r_cg_it.c **** * Arguments    : None
  48:../src/r_cg_it.c **** * Return Value : None
  49:../src/r_cg_it.c **** ***************************************************************************************************
  50:../src/r_cg_it.c **** void R_IT_Create(void)
  51:../src/r_cg_it.c **** {
  44                             		.loc 1 51 0
  52:../src/r_cg_it.c ****     RTCEN = 1U;    /* supply IT clock */
  45                             		.loc 1 52 0
  46 0000 C9 F0 F0 00             		movw	r8, #240
  47 0004 AD F0                   		movw	ax, r8
  48 0006 BD F4                   		movw	r12, ax
  49 0008 FA F4                   		movw	hl, r12
  50 000a 8B                      		mov	a, [hl]
  51 000b 9D F2                   		mov	r10, a
  52 000d 6A F2 80                		or	r10, #-128
  53 0010 AD F0                   		movw	ax, r8
  54 0012 DA F4                   		movw	bc, r12
  55 0014 8D F2                   		mov	a, r10
  56 0016 48 00 00                		mov	[bc], a
  53:../src/r_cg_it.c ****     ITMC = _0000_IT_OPERATION_DISABLE;    /* disable IT operation */
  57                             		.loc 1 53 0
  58 0019 C9 F0 90 FF             		movw	r8, #-112
  59 001d AD F0                   		movw	ax, r8
  60 001f BD F2                   		movw	r10, ax
  61 0021 DA F2                   		movw	bc, r10
  62 0023 F6                      		clrw	ax
  63 0024 78 00 00                		movw	[bc], ax
  54:../src/r_cg_it.c ****     ITMK = 1U;    /* disable INTIT interrupt */
  64                             		.loc 1 54 0
  65 0027 C9 F0 E7 FF             		movw	r8, #-25
  66 002b AD F0                   		movw	ax, r8
  67 002d BD F4                   		movw	r12, ax
  68 002f FA F4                   		movw	hl, r12
  69 0031 8B                      		mov	a, [hl]
  70 0032 9D F2                   		mov	r10, a
  71 0034 6A F2 04                		or	r10, #4
  72 0037 AD F0                   		movw	ax, r8
  73 0039 DA F4                   		movw	bc, r12
  74 003b 8D F2                   		mov	a, r10
  75 003d 48 00 00                		mov	[bc], a
  55:../src/r_cg_it.c ****     ITIF = 0U;    /* clear INTIT interrupt flag */
  76                             		.loc 1 55 0
  77 0040 C9 F0 E3 FF             		movw	r8, #-29
  78 0044 AD F0                   		movw	ax, r8
  79 0046 BD F4                   		movw	r12, ax
  80 0048 FA F4                   		movw	hl, r12
  81 004a 8B                      		mov	a, [hl]
  82 004b 9D F2                   		mov	r10, a
  83 004d 5A F2 FB                		and	r10, #-5
  84 0050 AD F0                   		movw	ax, r8
  85 0052 DA F4                   		movw	bc, r12
  86 0054 8D F2                   		mov	a, r10
  87 0056 48 00 00                		mov	[bc], a
  56:../src/r_cg_it.c ****     /* Set INTIT level 1 priority */
  57:../src/r_cg_it.c ****     ITPR1 = 0U;
  88                             		.loc 1 57 0
  89 0059 C9 F0 EF FF             		movw	r8, #-17
  90 005d AD F0                   		movw	ax, r8
  91 005f BD F4                   		movw	r12, ax
  92 0061 FA F4                   		movw	hl, r12
  93 0063 8B                      		mov	a, [hl]
  94 0064 9D F2                   		mov	r10, a
  95 0066 5A F2 FB                		and	r10, #-5
  96 0069 AD F0                   		movw	ax, r8
  97 006b DA F4                   		movw	bc, r12
  98 006d 8D F2                   		mov	a, r10
  99 006f 48 00 00                		mov	[bc], a
  58:../src/r_cg_it.c ****     ITPR0 = 1U;
 100                             		.loc 1 58 0
 101 0072 C9 F0 EB FF             		movw	r8, #-21
 102 0076 AD F0                   		movw	ax, r8
 103 0078 BD F4                   		movw	r12, ax
 104 007a FA F4                   		movw	hl, r12
 105 007c 8B                      		mov	a, [hl]
 106 007d 9D F2                   		mov	r10, a
 107 007f 6A F2 04                		or	r10, #4
 108 0082 AD F0                   		movw	ax, r8
 109 0084 DA F4                   		movw	bc, r12
 110 0086 8D F2                   		mov	a, r10
 111 0088 48 00 00                		mov	[bc], a
  59:../src/r_cg_it.c ****     ITMC = _0020_ITMCMP_VALUE;
 112                             		.loc 1 59 0
 113 008b C9 F0 90 FF             		movw	r8, #-112
 114 008f AD F0                   		movw	ax, r8
 115 0091 BD F2                   		movw	r10, ax
 116 0093 DA F2                   		movw	bc, r10
 117 0095 30 20 00                		movw	ax, #32
 118 0098 78 00 00                		movw	[bc], ax
  60:../src/r_cg_it.c **** }
 119                             		.loc 1 60 0
 120 009b D7                      		ret
 121                             	.LFE0:
 123                             		.global	_R_IT_Start
 125                             	_R_IT_Start:
 126                             	.LFB1:
  61:../src/r_cg_it.c **** 
  62:../src/r_cg_it.c **** /**************************************************************************************************
  63:../src/r_cg_it.c **** * Function Name: R_IT_Start
  64:../src/r_cg_it.c **** * Description  : This function starts IT module operation.
  65:../src/r_cg_it.c **** * Arguments    : None
  66:../src/r_cg_it.c **** * Return Value : None
  67:../src/r_cg_it.c **** ***************************************************************************************************
  68:../src/r_cg_it.c **** void R_IT_Start(void)
  69:../src/r_cg_it.c **** {
 127                             		.loc 1 69 0
  70:../src/r_cg_it.c ****     ITIF = 0U;    /* clear INTIT interrupt flag */
 128                             		.loc 1 70 0
 129 009c C9 F2 E3 FF             		movw	r10, #-29
 130 00a0 AD F2                   		movw	ax, r10
 131 00a2 BD F0                   		movw	r8, ax
 132 00a4 FA F0                   		movw	hl, r8
 133 00a6 8B                      		mov	a, [hl]
 134 00a7 9D F4                   		mov	r12, a
 135 00a9 5A F4 FB                		and	r12, #-5
 136 00ac AD F2                   		movw	ax, r10
 137 00ae DA F0                   		movw	bc, r8
 138 00b0 8D F4                   		mov	a, r12
 139 00b2 48 00 00                		mov	[bc], a
  71:../src/r_cg_it.c ****     ITMK = 0U;    /* enable INTIT interrupt */
 140                             		.loc 1 71 0
 141 00b5 C9 F2 E7 FF             		movw	r10, #-25
 142 00b9 AD F2                   		movw	ax, r10
 143 00bb BD F0                   		movw	r8, ax
 144 00bd FA F0                   		movw	hl, r8
 145 00bf 8B                      		mov	a, [hl]
 146 00c0 9D F4                   		mov	r12, a
 147 00c2 5A F4 FB                		and	r12, #-5
 148 00c5 AD F2                   		movw	ax, r10
 149 00c7 DA F0                   		movw	bc, r8
 150 00c9 8D F4                   		mov	a, r12
 151 00cb 48 00 00                		mov	[bc], a
  72:../src/r_cg_it.c ****     ITMC |= _8000_IT_OPERATION_ENABLE;    /* enable IT operation */
 152                             		.loc 1 72 0
 153 00ce C9 F4 90 FF             		movw	r12, #-112
 154 00d2 C9 F2 90 FF             		movw	r10, #-112
 155 00d6 AD F2                   		movw	ax, r10
 156 00d8 BD F0                   		movw	r8, ax
 157 00da FA F0                   		movw	hl, r8
 158 00dc AB                      		movw	ax, [hl]
 159 00dd BD F2                   		movw	r10, ax
 160 00df 8D F2                   		mov	a, r10
 161 00e1 6C 00                   		or	a, #0
 162 00e3 9D F0                   		mov	r8, a
 163 00e5 8D F3                   		mov	a, r11
 164 00e7 6C 80                   		or	a, #-128
 165 00e9 9D F1                   		mov	r9, a
 166 00eb AD F4                   		movw	ax, r12
 167 00ed BD F2                   		movw	r10, ax
 168 00ef DA F2                   		movw	bc, r10
 169 00f1 AD F0                   		movw	ax, r8
 170 00f3 78 00 00                		movw	[bc], ax
  73:../src/r_cg_it.c **** }
 171                             		.loc 1 73 0
 172 00f6 D7                      		ret
 173                             	.LFE1:
 175                             		.global	_R_IT_Stop
 177                             	_R_IT_Stop:
 178                             	.LFB2:
  74:../src/r_cg_it.c **** 
  75:../src/r_cg_it.c **** /**************************************************************************************************
  76:../src/r_cg_it.c **** * Function Name: R_IT_Stop
  77:../src/r_cg_it.c **** * Description  : This function stops IT module operation.
  78:../src/r_cg_it.c **** * Arguments    : None
  79:../src/r_cg_it.c **** * Return Value : None
  80:../src/r_cg_it.c **** ***************************************************************************************************
  81:../src/r_cg_it.c **** void R_IT_Stop(void)
  82:../src/r_cg_it.c **** {
 179                             		.loc 1 82 0
  83:../src/r_cg_it.c ****     ITMK = 1U;    /* disable INTIT interrupt */
 180                             		.loc 1 83 0
 181 00f7 C9 F2 E7 FF             		movw	r10, #-25
 182 00fb AD F2                   		movw	ax, r10
 183 00fd BD F0                   		movw	r8, ax
 184 00ff FA F0                   		movw	hl, r8
 185 0101 8B                      		mov	a, [hl]
 186 0102 9D F4                   		mov	r12, a
 187 0104 6A F4 04                		or	r12, #4
 188 0107 AD F2                   		movw	ax, r10
 189 0109 DA F0                   		movw	bc, r8
 190 010b 8D F4                   		mov	a, r12
 191 010d 48 00 00                		mov	[bc], a
  84:../src/r_cg_it.c ****     ITIF = 0U;    /* clear INTIT interrupt flag */
 192                             		.loc 1 84 0
 193 0110 C9 F2 E3 FF             		movw	r10, #-29
 194 0114 AD F2                   		movw	ax, r10
 195 0116 BD F0                   		movw	r8, ax
 196 0118 FA F0                   		movw	hl, r8
 197 011a 8B                      		mov	a, [hl]
 198 011b 9D F4                   		mov	r12, a
 199 011d 5A F4 FB                		and	r12, #-5
 200 0120 AD F2                   		movw	ax, r10
 201 0122 DA F0                   		movw	bc, r8
 202 0124 8D F4                   		mov	a, r12
 203 0126 48 00 00                		mov	[bc], a
  85:../src/r_cg_it.c ****     ITMC &= (uint16_t)~_8000_IT_OPERATION_ENABLE;    /* disable IT operation */
 204                             		.loc 1 85 0
 205 0129 C9 F4 90 FF             		movw	r12, #-112
 206 012d C9 F2 90 FF             		movw	r10, #-112
 207 0131 AD F2                   		movw	ax, r10
 208 0133 BD F0                   		movw	r8, ax
 209 0135 FA F0                   		movw	hl, r8
 210 0137 AB                      		movw	ax, [hl]
 211 0138 BD F2                   		movw	r10, ax
 212 013a 8D F2                   		mov	a, r10
 213 013c 5C FF                   		and	a, #-1
 214 013e 9D F0                   		mov	r8, a
 215 0140 8D F3                   		mov	a, r11
 216 0142 5C 7F                   		and	a, #127
 217 0144 9D F1                   		mov	r9, a
 218 0146 AD F4                   		movw	ax, r12
 219 0148 BD F2                   		movw	r10, ax
 220 014a DA F2                   		movw	bc, r10
 221 014c AD F0                   		movw	ax, r8
 222 014e 78 00 00                		movw	[bc], ax
  86:../src/r_cg_it.c **** }
 223                             		.loc 1 86 0
 224 0151 D7                      		ret
 225                             	.LFE2:
 269                             	.Letext0:
 270                             		.file 2 "../src/iodefine.h"
 271                             		.file 3 "../src/iodefine_ext.h"
 272                             		.file 4 "../src/r_cg_macrodriver.h"
 273                             		.file 5 "../src/globals.h"
